ian@ian-HP-Convertible-x360-11-ab1XX:~$ cat Hodge3.f08
!Generate a gfortran program to demonstrate Hodge Conjecture

program Hodge_Conjecture

implicit none

! Declare variables
integer :: i, j, k, n
real, allocatable :: A(:,:,:)

! Allocate memory
write(*,'(A)') 'Enter the size of the matrix:'
read(*,'(I4)') n
allocate(A(n,n,n))

! Initialize the matrix
do i = 1, n
    do j = 1, n
        do k = 1, n
            A(i,j,k) = 0
        enddo
    enddo
enddo

! Fill the matrix with some values
do i = 1, n
    do j = 1, n
        A(i,j,i) = 1
    enddo
enddo

! Check if the matrix satisfies Hodge Conjecture
do i = 1, n
    do j = 1, n
        do k = 1, n
            if (A(i,j,k) /= A(j,i,k)) then
                write(*,'(A)') 'Matrix does not satisfies Hodge Conjecture'
                stop
            endif
        enddo
    enddo
enddo

write(*,'(A)') 'Matrix satisfies Hodge Conjecture'

! Deallocate memory
deallocate(A)

end program Hodge_Conjecture
ian@ian-HP-Convertible-x360-11-ab1XX:~$ gfortran Hodge3.f08 -o Hodge3.f08
gfortran: fatal error: input file ‘Hodge3.f08’ is the same as output file
compilation terminated.
ian@ian-HP-Convertible-x360-11-ab1XX:~$ gfortran Hodge3.f08 -o Hodge3
ian@ian-HP-Convertible-x360-11-ab1XX:~$ ./Hodge3
Enter the size of the matrix:
99
Matrix does not satisfies Hodge Conjecture
ian@ian-HP-Convertible-x360-11-ab1XX:~$ ./Hodge3
Enter the size of the matrix:
999
^C
ian@ian-HP-Convertible-x360-11-ab1XX:~$ gfortran Hodge3.f08 -ffast-math -o Hodge3
ian@ian-HP-Convertible-x360-11-ab1XX:~$ ./Hodge3
Enter the size of the matrix:
99
Matrix does not satisfies Hodge Conjecture
ian@ian-HP-Convertible-x360-11-ab1XX:~$ ./Hodge3
Enter the size of the matrix:
999
^C
ian@ian-HP-Convertible-x360-11-ab1XX:~$ ^C
ian@ian-HP-Convertible-x360-11-ab1XX:~$ 

