[ianmartinajzenszmidt@fedora CodeCode2]$ cd
[ianmartinajzenszmidt@fedora ~]$ ls qu*
quadtest1.f08
[ianmartinajzenszmidt@fedora ~]$ gfortran quadtest1.f08 -o qt1
[ianmartinajzenszmidt@fedora ~]$ ./qt1
   2.00000000000000000000000000000000000      
   1.41421356237309504880168872420969798      
[ianmartinajzenszmidt@fedora ~]$ cat quadtest1.f08
program test
  integer, parameter  :: qp = selected_real_kind(p=30)
  real(qp)            :: a

  a = -2._qp

  print *, abs(a)
  print *, sqrt(-a)
end program
[ianmartinajzenszmidt@fedora ~]$ sloccount quadtest1.f08
Have a non-directory at the top, so creating directory top_dir
Adding /home/ianmartinajzenszmidt/quadtest1.f08 to top_dir
Categorizing files.
Computing results.


SLOC	Directory	SLOC-by-Language (Sorted)
0       top_dir         (none)
SLOC total is zero, no further analysis performed.
[ianmartinajzenszmidt@fedora ~]$ cp quadtest1.f08 quadtest1.f
[ianmartinajzenszmidt@fedora ~]$ gfortran quadtest1.f
quadtest1.f:1:2:

    1 | program test
      |  1
Error: Non-numeric character in statement label at (1)
quadtest1.f:2:4:

    2 |   integer, parameter  :: qp = selected_real_kind(p=30)
      |    1
Error: Non-numeric character in statement label at (1)
quadtest1.f:3:4:

    3 |   real(qp)            :: a
      |    1
Error: Non-numeric character in statement label at (1)
quadtest1.f:5:4:

    5 |   a = -2._qp
      |    1
Error: Non-numeric character in statement label at (1)
quadtest1.f:5:6:

    5 |   a = -2._qp
      |      1
Error: Invalid character in name at (1)
quadtest1.f:7:4:

    7 |   print *, abs(a)
      |    1
Error: Non-numeric character in statement label at (1)
quadtest1.f:8:4:

    8 |   print *, sqrt(-a)
      |    1
Error: Non-numeric character in statement label at (1)
quadtest1.f:9:2:

    9 | end program
      |  1
Error: Non-numeric character in statement label at (1)
[ianmartinajzenszmidt@fedora ~]$ gfortran quadtest1.f -ffree-form
[ianmartinajzenszmidt@fedora ~]$ ./a.out
   2.00000000000000000000000000000000000      
   1.41421356237309504880168872420969798      
[ianmartinajzenszmidt@fedora ~]$ cat quadtest1.f
program test
  integer, parameter  :: qp = selected_real_kind(p=30)
  real(qp)            :: a

  a = -2._qp

  print *, abs(a)
  print *, sqrt(-a)
end program
[ianmartinajzenszmidt@fedora ~]$ sloccount quadtest1.f
Have a non-directory at the top, so creating directory top_dir
Adding /home/ianmartinajzenszmidt/quadtest1.f to top_dir
Categorizing files.
Finding a working MD5 command....
Found a working MD5 command.
Computing results.


SLOC	Directory	SLOC-by-Language (Sorted)
7       top_dir         fortran=7


Totals grouped by language (dominant language first):
fortran:          7 (100.00%)




Total Physical Source Lines of Code (SLOC)                = 7
Development Effort Estimate, Person-Years (Person-Months) = 0.00 (0.01)
 (Basic COCOMO model, Person-Months = 2.4 * (KSLOC**1.05))
Schedule Estimate, Years (Months)                         = 0.04 (0.48)
 (Basic COCOMO model, Months = 2.5 * (person-months**0.38))
Estimated Average Number of Developers (Effort/Schedule)  = 0.03
Total Estimated Cost to Develop                           = $ 148
 (average salary = $56,286/year, overhead = 2.40).
SLOCCount, Copyright (C) 2001-2004 David A. Wheeler
SLOCCount is Open Source Software/Free Software, licensed under the GNU GPL.
SLOCCount comes with ABSOLUTELY NO WARRANTY, and you are welcome to
redistribute it under certain conditions as specified by the GNU GPL license;
see the documentation for details.
Please credit this data as "generated using David A. Wheeler's 'SLOCCount'."
